,policy_number,account_number,location_number,coverage_type_id,peril_id,tiv,loss_pre,loss_net
0,1,1,1,1,1,1000,50.0,35.0
1,1,1,1,3,1,500,25.0,17.5
2,1,1,1,4,1,500,25.0,17.5
3,1,1,2,1,1,1000,50.0,35.0
4,1,1,2,3,1,500,25.0,17.5
5,1,1,2,4,1,500,25.0,17.5
6,2,2,3,1,1,1000,50.0,35.0
7,2,2,3,3,1,500,25.0,17.5
8,2,2,3,4,1,500,25.0,17.5
9,2,2,4,1,1,1000,50.0,35.0
10,2,2,4,3,1,500,25.0,17.5
11,2,2,4,4,1,500,25.0,17.5
