,policy_number,account_number,location_number,coverage_type_id,peril_id,tiv,loss_pre,loss_net
0,1,1,1,1,1,1000,47.5,46.25
1,1,1,1,3,1,500,23.75,23.12
2,1,1,1,4,1,500,23.75,23.12
3,1,1,2,1,1,1000,47.5,46.25
4,1,1,2,3,1,500,23.75,23.12
5,1,1,2,4,1,500,23.75,23.12
6,2,2,3,1,1,1000,47.5,46.25
7,2,2,3,3,1,500,23.75,23.12
8,2,2,3,4,1,500,23.75,23.12
9,2,2,4,1,1,1000,47.5,46.25
10,2,2,4,3,1,500,23.75,23.12
11,2,2,4,4,1,500,23.75,23.12
