,policy_number,account_number,location_number,coverage_type_id,peril_id,tiv,loss_pre,loss_net
0,1,1,1,1,1,1000,25.0,22.5
1,1,1,1,3,1,500,12.5,11.25
2,1,1,1,4,1,500,12.5,11.25
3,1,1,2,1,1,1000,25.0,22.5
4,1,1,2,3,1,500,12.5,11.25
5,1,1,2,4,1,500,12.5,11.25
6,2,2,3,1,1,1000,25.0,22.5
7,2,2,3,3,1,500,12.5,11.25
8,2,2,3,4,1,500,12.5,11.25
9,2,2,4,1,1,1000,25.0,22.5
10,2,2,4,3,1,500,12.5,11.25
11,2,2,4,4,1,500,12.5,11.25
