policy_number,account_number,location_number,coverage_type_id,peril_id,tiv,loss_gul,loss_il
1,1,1,1,1,150000000,150000000.0,142500000.0
1,1,2,1,1,50000000,50000000.0,47500000.0
