policy_number,account_number,location_number,coverage_type_id,peril_id,tiv,loss_pre,loss_net
1,1,1,1,1,150000000,142500000.0,105000000.0
1,1,2,1,1,50000000,47500000.0,35000000.0
